// Jest Snapshot v1, https://goo.gl/fbAQLP

exports[`With Snapshot Testing App shows "Hello world!" 1`] = `
<div
  className="jsx-1892007813 hello"
>
  <p
    className="jsx-1892007813"
  >
    Hello World
  </p>
</div>
`;
